============================================================
  Generated by:           Genus(TM) Synthesis Solution
  ** SYNTHETIC SAMPLE for parser test - not a real synthesis result **
  Module:                 uart_apb
  Operating conditions:   PVT_0P9V_125C
  Note:                   clock period tightened to 4.0 ns to force violations
============================================================


Path 1: VIOLATED (-120 ps) Setup Check with Pin u_core/u_rx_fifo/mem_reg[7][3]/CK->D
          Group: PCLK
     Startpoint: (R) u_core/u_rx_fifo/wr_ptr_reg[0]/CK
          Clock: (R) PCLK
       Endpoint: (F) u_core/u_rx_fifo/mem_reg[7][3]/D
          Clock: (R) PCLK

                     Capture       Launch
        Clock Edge:+    4000            0
             Setup:-     112
       Uncertainty:-     200
     Required Time:=    3688
         Data Path:-    3808
             Slack:=    -120


Path 2: VIOLATED (-35 ps) Setup Check with Pin u_core/u_tx_fifo/rd_ptr_reg[2]/CK->D
          Group: PCLK
     Startpoint: (R) u_apb/paddr_q_reg[1]/CK
          Clock: (R) PCLK
       Endpoint: (R) u_core/u_tx_fifo/rd_ptr_reg[2]/D
          Clock: (R) PCLK

             Slack:=     -35


Path 3: MET (40 ps) Setup Check with Pin u_irq/irq_q_reg/CK->D
          Group: PCLK
     Startpoint: (R) u_core/u_rx_fifo/count_reg[3]/CK
          Clock: (R) PCLK
       Endpoint: (R) u_irq/irq_q_reg/D
          Clock: (R) PCLK

             Slack:=      40
